Terminals unused in grammar

   "."
   "then"
   "else"
   "elseif"
   "case"
   "default"
   "print"
   "break"
   "typedef"
   "Unknown"


State 53 conflicts: 3 shift/reduce
State 64 conflicts: 1 shift/reduce


Grammar

    0 $accept: Program "EOF"

    1 Program: "program start" "space" program_name ";" "new line" block_list "EOF"

    2 program_name: "WORD"

    3 Function: BEGIN "space" func_name "(" parameter_list ")" "new line" block_list return_statement END

    4 func_name: "WORD"

    5 parameter_list: %empty
    6               | func_parameter

    7 func_parameter: type "space" parameter_name
    8               | func_parameter "," "space" func_parameter

    9 return_statement: "return" "space" "NUMBER" ";" "new line"
   10                 | "return" "space" "quote" "WORD" "quote" ";" "new line"

   11 parameter_name: "WORD"

   12 Main: BEGIN "new line" block_list END

   13 Struct: BEGIN "new line" "vars" "new line" variable_declarations END

   14 block_list: %empty
   15           | block_list block

   16 block: Function
   17      | Main
   18      | Struct

   19 BEGIN: "main start"
   20      | "func"
   21      | "while start"
   22      | "for start"
   23      | "if start"
   24      | "switch"
   25      | "struct"

   26 END: "main end"
   27    | "func end"
   28    | "while end"
   29    | "for end"
   30    | "if end"
   31    | "switch end"
   32    | "end struct"
   33    | END "new line"

   34 variable_declarations: variable_declaration ";" "new line"
   35                      | variable_declarations variable_declarations

   36 variable_declaration: type "space" variable_name variable_is_array
   37                     | type "space" variable_name variable_is_array "," "space" more_variables_inline

   38 more_variables_inline: variable_name variable_is_array
   39                      | variable_name variable_is_array "," "space" more_variables_inline

   40 variable_name: "WORD"

   41 variable_is_array: %empty
   42                  | "[" "NUMBER" "]"

   43 type: "INT"
   44     | "CHAR"
   45     | "VOID"


Terminals, with rules where they appear

"EOF" (0) 0 1
error (256)
"INT" (258) 43
"CHAR" (259) 44
"VOID" (260) 45
"." (261)
"," (262) 8 37 39
"(" (263) 3
")" (264) 3
";" (265) 1 9 10 34
"[" (266) 42
"]" (267) 42
"program start" (268) 1
"main start" (269) 19
"main end" (270) 26
"func" (271) 20
"func end" (272) 27
"return" (273) 9 10
"vars" (274) 13
"while start" (275) 21
"while end" (276) 28
"for start" (277) 22
"for end" (278) 29
"if start" (279) 23
"then" (280)
"else" (281)
"elseif" (282)
"if end" (283) 30
"switch" (284) 24
"case" (285)
"default" (286)
"switch end" (287) 31
"print" (288)
"break" (289)
"struct" (290) 25
"end struct" (291) 32
"typedef" (292)
"WORD" (293) 2 4 10 11 40
"NUMBER" (294) 9 42
"quote" (295) 10
"Unknown" (296)
"space" (297) 1 3 7 8 9 10 36 37 39
"new line" (298) 1 3 9 10 12 13 33 34


Nonterminals, with rules where they appear

$accept (44)
    on left: 0
Program (45)
    on left: 1, on right: 0
program_name (46)
    on left: 2, on right: 1
Function (47)
    on left: 3, on right: 16
func_name (48)
    on left: 4, on right: 3
parameter_list (49)
    on left: 5 6, on right: 3
func_parameter (50)
    on left: 7 8, on right: 6 8
return_statement (51)
    on left: 9 10, on right: 3
parameter_name (52)
    on left: 11, on right: 7
Main (53)
    on left: 12, on right: 17
Struct (54)
    on left: 13, on right: 18
block_list (55)
    on left: 14 15, on right: 1 3 12 15
block (56)
    on left: 16 17 18, on right: 15
BEGIN (57)
    on left: 19 20 21 22 23 24 25, on right: 3 12 13
END (58)
    on left: 26 27 28 29 30 31 32 33, on right: 3 12 13 33
variable_declarations (59)
    on left: 34 35, on right: 13 35
variable_declaration (60)
    on left: 36 37, on right: 34
more_variables_inline (61)
    on left: 38 39, on right: 37 39
variable_name (62)
    on left: 40, on right: 36 37 38 39
variable_is_array (63)
    on left: 41 42, on right: 36 37 38 39
type (64)
    on left: 43 44 45, on right: 7 36 37


State 0

    0 $accept: . Program "EOF"

    "program start"  shift, and go to state 1

    Program  go to state 2


State 1

    1 Program: "program start" . "space" program_name ";" "new line" block_list "EOF"

    "space"  shift, and go to state 3


State 2

    0 $accept: Program . "EOF"

    "EOF"  shift, and go to state 4


State 3

    1 Program: "program start" "space" . program_name ";" "new line" block_list "EOF"

    "WORD"  shift, and go to state 5

    program_name  go to state 6


State 4

    0 $accept: Program "EOF" .

    $default  accept


State 5

    2 program_name: "WORD" .

    $default  reduce using rule 2 (program_name)


State 6

    1 Program: "program start" "space" program_name . ";" "new line" block_list "EOF"

    ";"  shift, and go to state 7


State 7

    1 Program: "program start" "space" program_name ";" . "new line" block_list "EOF"

    "new line"  shift, and go to state 8


State 8

    1 Program: "program start" "space" program_name ";" "new line" . block_list "EOF"

    $default  reduce using rule 14 (block_list)

    block_list  go to state 9


State 9

    1 Program: "program start" "space" program_name ";" "new line" block_list . "EOF"
   15 block_list: block_list . block

    "EOF"          shift, and go to state 10
    "main start"   shift, and go to state 11
    "func"         shift, and go to state 12
    "while start"  shift, and go to state 13
    "for start"    shift, and go to state 14
    "if start"     shift, and go to state 15
    "switch"       shift, and go to state 16
    "struct"       shift, and go to state 17

    Function  go to state 18
    Main      go to state 19
    Struct    go to state 20
    block     go to state 21
    BEGIN     go to state 22


State 10

    1 Program: "program start" "space" program_name ";" "new line" block_list "EOF" .

    $default  reduce using rule 1 (Program)


State 11

   19 BEGIN: "main start" .

    $default  reduce using rule 19 (BEGIN)


State 12

   20 BEGIN: "func" .

    $default  reduce using rule 20 (BEGIN)


State 13

   21 BEGIN: "while start" .

    $default  reduce using rule 21 (BEGIN)


State 14

   22 BEGIN: "for start" .

    $default  reduce using rule 22 (BEGIN)


State 15

   23 BEGIN: "if start" .

    $default  reduce using rule 23 (BEGIN)


State 16

   24 BEGIN: "switch" .

    $default  reduce using rule 24 (BEGIN)


State 17

   25 BEGIN: "struct" .

    $default  reduce using rule 25 (BEGIN)


State 18

   16 block: Function .

    $default  reduce using rule 16 (block)


State 19

   17 block: Main .

    $default  reduce using rule 17 (block)


State 20

   18 block: Struct .

    $default  reduce using rule 18 (block)


State 21

   15 block_list: block_list block .

    $default  reduce using rule 15 (block_list)


State 22

    3 Function: BEGIN . "space" func_name "(" parameter_list ")" "new line" block_list return_statement END
   12 Main: BEGIN . "new line" block_list END
   13 Struct: BEGIN . "new line" "vars" "new line" variable_declarations END

    "space"     shift, and go to state 23
    "new line"  shift, and go to state 24


State 23

    3 Function: BEGIN "space" . func_name "(" parameter_list ")" "new line" block_list return_statement END

    "WORD"  shift, and go to state 25

    func_name  go to state 26


State 24

   12 Main: BEGIN "new line" . block_list END
   13 Struct: BEGIN "new line" . "vars" "new line" variable_declarations END

    "vars"  shift, and go to state 27

    $default  reduce using rule 14 (block_list)

    block_list  go to state 28


State 25

    4 func_name: "WORD" .

    $default  reduce using rule 4 (func_name)


State 26

    3 Function: BEGIN "space" func_name . "(" parameter_list ")" "new line" block_list return_statement END

    "("  shift, and go to state 29


State 27

   13 Struct: BEGIN "new line" "vars" . "new line" variable_declarations END

    "new line"  shift, and go to state 30


State 28

   12 Main: BEGIN "new line" block_list . END
   15 block_list: block_list . block

    "main start"   shift, and go to state 11
    "main end"     shift, and go to state 31
    "func"         shift, and go to state 12
    "func end"     shift, and go to state 32
    "while start"  shift, and go to state 13
    "while end"    shift, and go to state 33
    "for start"    shift, and go to state 14
    "for end"      shift, and go to state 34
    "if start"     shift, and go to state 15
    "if end"       shift, and go to state 35
    "switch"       shift, and go to state 16
    "switch end"   shift, and go to state 36
    "struct"       shift, and go to state 17
    "end struct"   shift, and go to state 37

    Function  go to state 18
    Main      go to state 19
    Struct    go to state 20
    block     go to state 21
    BEGIN     go to state 22
    END       go to state 38


State 29

    3 Function: BEGIN "space" func_name "(" . parameter_list ")" "new line" block_list return_statement END

    "INT"   shift, and go to state 39
    "CHAR"  shift, and go to state 40
    "VOID"  shift, and go to state 41

    $default  reduce using rule 5 (parameter_list)

    parameter_list  go to state 42
    func_parameter  go to state 43
    type            go to state 44


State 30

   13 Struct: BEGIN "new line" "vars" "new line" . variable_declarations END

    "INT"   shift, and go to state 39
    "CHAR"  shift, and go to state 40
    "VOID"  shift, and go to state 41

    variable_declarations  go to state 45
    variable_declaration   go to state 46
    type                   go to state 47


State 31

   26 END: "main end" .

    $default  reduce using rule 26 (END)


State 32

   27 END: "func end" .

    $default  reduce using rule 27 (END)


State 33

   28 END: "while end" .

    $default  reduce using rule 28 (END)


State 34

   29 END: "for end" .

    $default  reduce using rule 29 (END)


State 35

   30 END: "if end" .

    $default  reduce using rule 30 (END)


State 36

   31 END: "switch end" .

    $default  reduce using rule 31 (END)


State 37

   32 END: "end struct" .

    $default  reduce using rule 32 (END)


State 38

   12 Main: BEGIN "new line" block_list END .
   33 END: END . "new line"

    "new line"  shift, and go to state 48

    $default  reduce using rule 12 (Main)


State 39

   43 type: "INT" .

    $default  reduce using rule 43 (type)


State 40

   44 type: "CHAR" .

    $default  reduce using rule 44 (type)


State 41

   45 type: "VOID" .

    $default  reduce using rule 45 (type)


State 42

    3 Function: BEGIN "space" func_name "(" parameter_list . ")" "new line" block_list return_statement END

    ")"  shift, and go to state 49


State 43

    6 parameter_list: func_parameter .
    8 func_parameter: func_parameter . "," "space" func_parameter

    ","  shift, and go to state 50

    $default  reduce using rule 6 (parameter_list)


State 44

    7 func_parameter: type . "space" parameter_name

    "space"  shift, and go to state 51


State 45

   13 Struct: BEGIN "new line" "vars" "new line" variable_declarations . END
   35 variable_declarations: variable_declarations . variable_declarations

    "INT"         shift, and go to state 39
    "CHAR"        shift, and go to state 40
    "VOID"        shift, and go to state 41
    "main end"    shift, and go to state 31
    "func end"    shift, and go to state 32
    "while end"   shift, and go to state 33
    "for end"     shift, and go to state 34
    "if end"      shift, and go to state 35
    "switch end"  shift, and go to state 36
    "end struct"  shift, and go to state 37

    END                    go to state 52
    variable_declarations  go to state 53
    variable_declaration   go to state 46
    type                   go to state 47


State 46

   34 variable_declarations: variable_declaration . ";" "new line"

    ";"  shift, and go to state 54


State 47

   36 variable_declaration: type . "space" variable_name variable_is_array
   37                     | type . "space" variable_name variable_is_array "," "space" more_variables_inline

    "space"  shift, and go to state 55


State 48

   33 END: END "new line" .

    $default  reduce using rule 33 (END)


State 49

    3 Function: BEGIN "space" func_name "(" parameter_list ")" . "new line" block_list return_statement END

    "new line"  shift, and go to state 56


State 50

    8 func_parameter: func_parameter "," . "space" func_parameter

    "space"  shift, and go to state 57


State 51

    7 func_parameter: type "space" . parameter_name

    "WORD"  shift, and go to state 58

    parameter_name  go to state 59


State 52

   13 Struct: BEGIN "new line" "vars" "new line" variable_declarations END .
   33 END: END . "new line"

    "new line"  shift, and go to state 48

    $default  reduce using rule 13 (Struct)


State 53

   35 variable_declarations: variable_declarations . variable_declarations
   35                      | variable_declarations variable_declarations .

    "INT"   shift, and go to state 39
    "CHAR"  shift, and go to state 40
    "VOID"  shift, and go to state 41

    "INT"     [reduce using rule 35 (variable_declarations)]
    "CHAR"    [reduce using rule 35 (variable_declarations)]
    "VOID"    [reduce using rule 35 (variable_declarations)]
    $default  reduce using rule 35 (variable_declarations)

    variable_declarations  go to state 53
    variable_declaration   go to state 46
    type                   go to state 47


State 54

   34 variable_declarations: variable_declaration ";" . "new line"

    "new line"  shift, and go to state 60


State 55

   36 variable_declaration: type "space" . variable_name variable_is_array
   37                     | type "space" . variable_name variable_is_array "," "space" more_variables_inline

    "WORD"  shift, and go to state 61

    variable_name  go to state 62


State 56

    3 Function: BEGIN "space" func_name "(" parameter_list ")" "new line" . block_list return_statement END

    $default  reduce using rule 14 (block_list)

    block_list  go to state 63


State 57

    8 func_parameter: func_parameter "," "space" . func_parameter

    "INT"   shift, and go to state 39
    "CHAR"  shift, and go to state 40
    "VOID"  shift, and go to state 41

    func_parameter  go to state 64
    type            go to state 44


State 58

   11 parameter_name: "WORD" .

    $default  reduce using rule 11 (parameter_name)


State 59

    7 func_parameter: type "space" parameter_name .

    $default  reduce using rule 7 (func_parameter)


State 60

   34 variable_declarations: variable_declaration ";" "new line" .

    $default  reduce using rule 34 (variable_declarations)


State 61

   40 variable_name: "WORD" .

    $default  reduce using rule 40 (variable_name)


State 62

   36 variable_declaration: type "space" variable_name . variable_is_array
   37                     | type "space" variable_name . variable_is_array "," "space" more_variables_inline

    "["  shift, and go to state 65

    $default  reduce using rule 41 (variable_is_array)

    variable_is_array  go to state 66


State 63

    3 Function: BEGIN "space" func_name "(" parameter_list ")" "new line" block_list . return_statement END
   15 block_list: block_list . block

    "main start"   shift, and go to state 11
    "func"         shift, and go to state 12
    "return"       shift, and go to state 67
    "while start"  shift, and go to state 13
    "for start"    shift, and go to state 14
    "if start"     shift, and go to state 15
    "switch"       shift, and go to state 16
    "struct"       shift, and go to state 17

    Function          go to state 18
    return_statement  go to state 68
    Main              go to state 19
    Struct            go to state 20
    block             go to state 21
    BEGIN             go to state 22


State 64

    8 func_parameter: func_parameter . "," "space" func_parameter
    8               | func_parameter "," "space" func_parameter .

    ","  shift, and go to state 50

    ","       [reduce using rule 8 (func_parameter)]
    $default  reduce using rule 8 (func_parameter)


State 65

   42 variable_is_array: "[" . "NUMBER" "]"

    "NUMBER"  shift, and go to state 69


State 66

   36 variable_declaration: type "space" variable_name variable_is_array .
   37                     | type "space" variable_name variable_is_array . "," "space" more_variables_inline

    ","  shift, and go to state 70

    $default  reduce using rule 36 (variable_declaration)


State 67

    9 return_statement: "return" . "space" "NUMBER" ";" "new line"
   10                 | "return" . "space" "quote" "WORD" "quote" ";" "new line"

    "space"  shift, and go to state 71


State 68

    3 Function: BEGIN "space" func_name "(" parameter_list ")" "new line" block_list return_statement . END

    "main end"    shift, and go to state 31
    "func end"    shift, and go to state 32
    "while end"   shift, and go to state 33
    "for end"     shift, and go to state 34
    "if end"      shift, and go to state 35
    "switch end"  shift, and go to state 36
    "end struct"  shift, and go to state 37

    END  go to state 72


State 69

   42 variable_is_array: "[" "NUMBER" . "]"

    "]"  shift, and go to state 73


State 70

   37 variable_declaration: type "space" variable_name variable_is_array "," . "space" more_variables_inline

    "space"  shift, and go to state 74


State 71

    9 return_statement: "return" "space" . "NUMBER" ";" "new line"
   10                 | "return" "space" . "quote" "WORD" "quote" ";" "new line"

    "NUMBER"  shift, and go to state 75
    "quote"   shift, and go to state 76


State 72

    3 Function: BEGIN "space" func_name "(" parameter_list ")" "new line" block_list return_statement END .
   33 END: END . "new line"

    "new line"  shift, and go to state 48

    $default  reduce using rule 3 (Function)


State 73

   42 variable_is_array: "[" "NUMBER" "]" .

    $default  reduce using rule 42 (variable_is_array)


State 74

   37 variable_declaration: type "space" variable_name variable_is_array "," "space" . more_variables_inline

    "WORD"  shift, and go to state 61

    more_variables_inline  go to state 77
    variable_name          go to state 78


State 75

    9 return_statement: "return" "space" "NUMBER" . ";" "new line"

    ";"  shift, and go to state 79


State 76

   10 return_statement: "return" "space" "quote" . "WORD" "quote" ";" "new line"

    "WORD"  shift, and go to state 80


State 77

   37 variable_declaration: type "space" variable_name variable_is_array "," "space" more_variables_inline .

    $default  reduce using rule 37 (variable_declaration)


State 78

   38 more_variables_inline: variable_name . variable_is_array
   39                      | variable_name . variable_is_array "," "space" more_variables_inline

    "["  shift, and go to state 65

    $default  reduce using rule 41 (variable_is_array)

    variable_is_array  go to state 81


State 79

    9 return_statement: "return" "space" "NUMBER" ";" . "new line"

    "new line"  shift, and go to state 82


State 80

   10 return_statement: "return" "space" "quote" "WORD" . "quote" ";" "new line"

    "quote"  shift, and go to state 83


State 81

   38 more_variables_inline: variable_name variable_is_array .
   39                      | variable_name variable_is_array . "," "space" more_variables_inline

    ","  shift, and go to state 84

    $default  reduce using rule 38 (more_variables_inline)


State 82

    9 return_statement: "return" "space" "NUMBER" ";" "new line" .

    $default  reduce using rule 9 (return_statement)


State 83

   10 return_statement: "return" "space" "quote" "WORD" "quote" . ";" "new line"

    ";"  shift, and go to state 85


State 84

   39 more_variables_inline: variable_name variable_is_array "," . "space" more_variables_inline

    "space"  shift, and go to state 86


State 85

   10 return_statement: "return" "space" "quote" "WORD" "quote" ";" . "new line"

    "new line"  shift, and go to state 87


State 86

   39 more_variables_inline: variable_name variable_is_array "," "space" . more_variables_inline

    "WORD"  shift, and go to state 61

    more_variables_inline  go to state 88
    variable_name          go to state 78


State 87

   10 return_statement: "return" "space" "quote" "WORD" "quote" ";" "new line" .

    $default  reduce using rule 10 (return_statement)


State 88

   39 more_variables_inline: variable_name variable_is_array "," "space" more_variables_inline .

    $default  reduce using rule 39 (more_variables_inline)
